// Jest Snapshot v1, https://goo.gl/fbAQLP

exports[`Login.vue renders properly 1`] = `
<div class="row align-center justify-center">
  <div class="col col-6">
    <div class="mx-auto px-4 v-card v-sheet theme--light">
      <div class="v-image v-responsive theme--light" style="max-width: 100%;">
        <div class="v-responsive__content"></div>
      </div>
      <div class="v-card__title">Iniciar Sesión</div>
      <div role="alert" class="v-alert v-sheet theme--light elevation-2 v-alert--border v-alert--border-right" data-testid="error-message" style="display: none;">
        <div class="v-alert__wrapper"><i aria-hidden="true" class="v-icon notranslate v-alert__icon mdi mdi-alert theme--light error--text"></i>
          <div class="v-alert__content">

          </div>
          <div class="v-alert__border v-alert__border--right error v-alert__border--has-color"></div>
        </div>
      </div>
      <form novalidate="novalidate" data-testid="login-form" class="v-form">
        <div class="v-input theme--light v-text-field">
          <div class="v-input__control">
            <div class="v-input__slot">
              <div class="v-text-field__slot"><label for="input-10" class="v-label theme--light" style="left: 0px; position: absolute;">Email</label><input data-testid="email-field" id="input-10" type="text"></div>
            </div>
            <div class="v-text-field__details">
              <div class="v-messages theme--light">
                <transition-group-stub tag="div" name="message-transition" class="v-messages__wrapper"></transition-group-stub>
              </div>
            </div>
          </div>
        </div>
        <div class="v-input theme--light v-text-field">
          <div class="v-input__control">
            <div class="v-input__slot">
              <div class="v-text-field__slot"><label for="input-13" class="v-label theme--light" style="left: 0px; position: absolute;">Contraseña</label><input data-testid="password-field" id="input-13" type="password"></div>
              <div class="v-input__append-inner">
                <div class="v-input__icon v-input__icon--append"><button type="button" aria-label="append icon" class="v-icon notranslate v-icon--link mdi mdi-eye-off theme--light"></button></div>
              </div>
            </div>
            <div class="v-text-field__details">
              <div class="v-messages theme--light">
                <transition-group-stub tag="div" name="message-transition" class="v-messages__wrapper"></transition-group-stub>
              </div>
            </div>
          </div>
        </div>
        <div class="v-card__actions"><button type="button" class="v-btn v-btn--contained theme--light v-size--default primary" data-testid="submit-btn"><span class="v-btn__content">Iniciar sesión</span></button></div>
      </form>
    </div>
  </div>
</div>
`;
