// Jest Snapshot v1, https://goo.gl/fbAQLP

exports[`Login.vue renders properly 1`] = `
<div>
  <form novalidate="novalidate" data-testid="login-form" class="v-form">
    <div class="v-input theme--light v-text-field">
      <div class="v-input__control">
        <div class="v-input__slot">
          <div class="v-text-field__slot"><input data-testid="email-field" id="input-5" type="text"></div>
        </div>
        <div class="v-text-field__details">
          <div class="v-messages theme--light">
            <transition-group-stub tag="div" name="message-transition" class="v-messages__wrapper"></transition-group-stub>
          </div>
        </div>
      </div>
    </div>
    <div class="v-input theme--light v-text-field">
      <div class="v-input__control">
        <div class="v-input__slot">
          <div class="v-text-field__slot"><input data-testid="password-field" id="input-8" type="text"></div>
        </div>
        <div class="v-text-field__details">
          <div class="v-messages theme--light">
            <transition-group-stub tag="div" name="message-transition" class="v-messages__wrapper"></transition-group-stub>
          </div>
        </div>
      </div>
    </div> <button type="button" class="v-btn v-btn--contained theme--light v-size--default" data-testid="submit-btn"><span class="v-btn__content"></span></button>
  </form>
</div>
`;
