// Jest Snapshot v1, https://goo.gl/fbAQLP

exports[`SignUp.vue renders properly 1`] = `
<div>
  <form novalidate="novalidate" class="v-form">
    <div class="v-input theme--light v-text-field">
      <div class="v-input__control">
        <div class="v-input__slot">
          <div class="v-text-field__slot"><input data-testid="name-field" id="input-3" type="text"></div>
        </div>
        <div class="v-text-field__details">
          <div class="v-messages theme--light">
            <transition-group-stub tag="div" name="message-transition" class="v-messages__wrapper"></transition-group-stub>
          </div>
        </div>
      </div>
    </div>
    <div class="v-input theme--light v-text-field">
      <div class="v-input__control">
        <div class="v-input__slot">
          <div class="v-text-field__slot"><input data-testid="email-field" id="input-6" type="text"></div>
        </div>
        <div class="v-text-field__details">
          <div class="v-messages theme--light">
            <transition-group-stub tag="div" name="message-transition" class="v-messages__wrapper"></transition-group-stub>
          </div>
        </div>
      </div>
    </div>
    <div class="v-input theme--light v-text-field v-file-input">
      <div class="v-input__prepend-outer">
        <div class="v-input__icon v-input__icon--prepend"><button type="button" aria-label="prepend icon" class="v-icon notranslate v-icon--link mdi mdi-paperclip theme--light"></button></div>
      </div>
      <div class="v-input__control">
        <div class="v-input__slot">
          <div class="v-text-field__slot">
            <div class="v-file-input__text"></div><input data-testid="avatar-field" id="input-9" type="file">
          </div>
          <div class="v-input__append-inner">
            <div class="v-input__icon v-input__icon--clear"><button disabled="disabled" type="button" aria-label="clear icon" class="v-icon notranslate v-icon--disabled v-icon--link mdi mdi-close theme--light"></button></div>
          </div>
        </div>
        <div class="v-text-field__details">
          <div class="v-messages theme--light">
            <transition-group-stub tag="div" name="message-transition" class="v-messages__wrapper"></transition-group-stub>
          </div>
        </div>
      </div>
    </div>
    <div class="v-input v-textarea theme--light v-text-field">
      <div class="v-input__control">
        <div class="v-input__slot">
          <div class="v-text-field__slot"><textarea data-testid="information-field" id="input-14" rows="5"></textarea></div>
        </div>
        <div class="v-text-field__details">
          <div class="v-messages theme--light">
            <transition-group-stub tag="div" name="message-transition" class="v-messages__wrapper"></transition-group-stub>
          </div>
        </div>
      </div>
    </div>
  </form>
</div>
`;
